[2025-10-21 11:48:58,049] C-PF5S5VKT/INFO/locust.main: Starting Locust 2.42.0
[2025-10-21 11:49:03,196] C-PF5S5VKT/INFO/root: Waiting for workers to be ready, 0 of 4 connected
[2025-10-21 11:49:04,204] C-PF5S5VKT/INFO/root: Waiting for workers to be ready, 0 of 4 connected
[2025-10-21 11:49:05,209] C-PF5S5VKT/INFO/root: Waiting for workers to be ready, 0 of 4 connected
[2025-10-21 11:49:06,214] C-PF5S5VKT/INFO/root: Waiting for workers to be ready, 0 of 4 connected
[2025-10-21 11:49:07,230] C-PF5S5VKT/INFO/root: Waiting for workers to be ready, 0 of 4 connected
[2025-10-21 11:49:08,238] C-PF5S5VKT/INFO/root: Waiting for workers to be ready, 0 of 4 connected
[2025-10-21 11:49:09,241] C-PF5S5VKT/INFO/root: Waiting for workers to be ready, 0 of 4 connected
[2025-10-21 11:49:10,249] C-PF5S5VKT/INFO/root: Waiting for workers to be ready, 0 of 4 connected
[2025-10-21 11:49:11,250] C-PF5S5VKT/INFO/root: Waiting for workers to be ready, 0 of 4 connected
[2025-10-21 11:49:12,259] C-PF5S5VKT/INFO/root: Waiting for workers to be ready, 0 of 4 connected
[2025-10-21 11:49:13,261] C-PF5S5VKT/INFO/root: Waiting for workers to be ready, 0 of 4 connected
[2025-10-21 11:49:14,267] C-PF5S5VKT/INFO/root: Waiting for workers to be ready, 0 of 4 connected
[2025-10-21 11:49:15,283] C-PF5S5VKT/INFO/root: Waiting for workers to be ready, 0 of 4 connected
[2025-10-21 11:49:16,284] C-PF5S5VKT/INFO/root: Waiting for workers to be ready, 0 of 4 connected
[2025-10-21 11:49:17,290] C-PF5S5VKT/INFO/root: Waiting for workers to be ready, 0 of 4 connected
[2025-10-21 11:49:18,297] C-PF5S5VKT/INFO/root: Waiting for workers to be ready, 0 of 4 connected
[2025-10-21 11:49:19,312] C-PF5S5VKT/INFO/root: Waiting for workers to be ready, 0 of 4 connected
[2025-10-21 11:49:20,323] C-PF5S5VKT/INFO/root: Waiting for workers to be ready, 0 of 4 connected
[2025-10-21 11:49:21,328] C-PF5S5VKT/INFO/root: Waiting for workers to be ready, 0 of 4 connected
[2025-10-21 11:49:22,332] C-PF5S5VKT/INFO/root: Waiting for workers to be ready, 0 of 4 connected
[2025-10-21 11:49:23,342] C-PF5S5VKT/INFO/root: Waiting for workers to be ready, 0 of 4 connected
[2025-10-21 11:49:23,809] C-PF5S5VKT/INFO/locust.runners: C-PF5S5VKT_e17f39508f134577ab312150e44fc3cb (index 0) reported as ready. 1 workers connected.
[2025-10-21 11:49:24,350] C-PF5S5VKT/INFO/root: Waiting for workers to be ready, 1 of 4 connected
[2025-10-21 11:49:25,357] C-PF5S5VKT/INFO/root: Waiting for workers to be ready, 1 of 4 connected
[2025-10-21 11:49:26,366] C-PF5S5VKT/INFO/root: Waiting for workers to be ready, 1 of 4 connected
[2025-10-21 11:49:27,368] C-PF5S5VKT/INFO/root: Waiting for workers to be ready, 1 of 4 connected
[2025-10-21 11:49:28,382] C-PF5S5VKT/INFO/root: Waiting for workers to be ready, 1 of 4 connected
[2025-10-21 11:49:29,387] C-PF5S5VKT/INFO/root: Waiting for workers to be ready, 1 of 4 connected
[2025-10-21 11:49:30,402] C-PF5S5VKT/INFO/root: Waiting for workers to be ready, 1 of 4 connected
[2025-10-21 11:49:31,417] C-PF5S5VKT/INFO/root: Waiting for workers to be ready, 1 of 4 connected
[2025-10-21 11:49:32,449] C-PF5S5VKT/INFO/root: Waiting for workers to be ready, 1 of 4 connected
[2025-10-21 11:49:33,464] C-PF5S5VKT/INFO/root: Waiting for workers to be ready, 1 of 4 connected
[2025-10-21 11:49:34,477] C-PF5S5VKT/INFO/root: Waiting for workers to be ready, 1 of 4 connected
[2025-10-21 11:49:35,483] C-PF5S5VKT/INFO/root: Waiting for workers to be ready, 1 of 4 connected
[2025-10-21 11:49:36,491] C-PF5S5VKT/INFO/root: Waiting for workers to be ready, 1 of 4 connected
[2025-10-21 11:49:37,501] C-PF5S5VKT/INFO/root: Waiting for workers to be ready, 1 of 4 connected
[2025-10-21 11:49:38,509] C-PF5S5VKT/INFO/root: Waiting for workers to be ready, 1 of 4 connected
[2025-10-21 11:49:39,518] C-PF5S5VKT/INFO/root: Waiting for workers to be ready, 1 of 4 connected
[2025-10-21 11:49:40,519] C-PF5S5VKT/INFO/root: Waiting for workers to be ready, 1 of 4 connected
[2025-10-21 11:49:41,531] C-PF5S5VKT/INFO/root: Waiting for workers to be ready, 1 of 4 connected
[2025-10-21 11:49:42,542] C-PF5S5VKT/INFO/root: Waiting for workers to be ready, 1 of 4 connected
[2025-10-21 11:49:43,556] C-PF5S5VKT/INFO/root: Waiting for workers to be ready, 1 of 4 connected
[2025-10-21 11:49:44,560] C-PF5S5VKT/INFO/root: Waiting for workers to be ready, 1 of 4 connected
[2025-10-21 11:49:45,574] C-PF5S5VKT/INFO/root: Waiting for workers to be ready, 1 of 4 connected
[2025-10-21 11:49:46,578] C-PF5S5VKT/INFO/root: Waiting for workers to be ready, 1 of 4 connected
[2025-10-21 11:49:47,589] C-PF5S5VKT/INFO/root: Waiting for workers to be ready, 1 of 4 connected
[2025-10-21 11:49:48,591] C-PF5S5VKT/INFO/root: Waiting for workers to be ready, 1 of 4 connected
[2025-10-21 11:49:49,601] C-PF5S5VKT/INFO/root: Waiting for workers to be ready, 1 of 4 connected
[2025-10-21 11:49:50,608] C-PF5S5VKT/INFO/root: Waiting for workers to be ready, 1 of 4 connected
[2025-10-21 11:49:51,612] C-PF5S5VKT/INFO/root: Waiting for workers to be ready, 1 of 4 connected
[2025-10-21 11:49:52,615] C-PF5S5VKT/INFO/root: Waiting for workers to be ready, 1 of 4 connected
[2025-10-21 11:49:53,625] C-PF5S5VKT/INFO/root: Waiting for workers to be ready, 1 of 4 connected
[2025-10-21 11:49:54,627] C-PF5S5VKT/INFO/root: Waiting for workers to be ready, 1 of 4 connected
[2025-10-21 11:49:55,629] C-PF5S5VKT/INFO/root: Waiting for workers to be ready, 1 of 4 connected
[2025-10-21 11:49:56,630] C-PF5S5VKT/INFO/root: Waiting for workers to be ready, 1 of 4 connected
[2025-10-21 11:49:56,672] C-PF5S5VKT/INFO/locust.runners: C-PF5S5VKT_eae147919380497bb14ec93d926268c3 (index 1) reported as ready. 2 workers connected.
[2025-10-21 11:49:57,633] C-PF5S5VKT/INFO/root: Waiting for workers to be ready, 2 of 4 connected
[2025-10-21 11:49:58,643] C-PF5S5VKT/INFO/root: Waiting for workers to be ready, 2 of 4 connected
[2025-10-21 11:49:59,654] C-PF5S5VKT/INFO/root: Waiting for workers to be ready, 2 of 4 connected
[2025-10-21 11:50:00,663] C-PF5S5VKT/INFO/root: Waiting for workers to be ready, 2 of 4 connected
[2025-10-21 11:50:01,668] C-PF5S5VKT/INFO/root: Waiting for workers to be ready, 2 of 4 connected
[2025-10-21 11:50:02,680] C-PF5S5VKT/INFO/root: Waiting for workers to be ready, 2 of 4 connected
[2025-10-21 11:50:03,688] C-PF5S5VKT/INFO/root: Waiting for workers to be ready, 2 of 4 connected
[2025-10-21 11:50:04,689] C-PF5S5VKT/INFO/root: Waiting for workers to be ready, 2 of 4 connected
[2025-10-21 11:50:05,690] C-PF5S5VKT/INFO/root: Waiting for workers to be ready, 2 of 4 connected
[2025-10-21 11:50:06,695] C-PF5S5VKT/INFO/root: Waiting for workers to be ready, 2 of 4 connected
[2025-10-21 11:50:07,700] C-PF5S5VKT/INFO/root: Waiting for workers to be ready, 2 of 4 connected
[2025-10-21 11:50:08,713] C-PF5S5VKT/INFO/root: Waiting for workers to be ready, 2 of 4 connected
[2025-10-21 11:50:09,719] C-PF5S5VKT/INFO/root: Waiting for workers to be ready, 2 of 4 connected
[2025-10-21 11:50:10,723] C-PF5S5VKT/INFO/root: Waiting for workers to be ready, 2 of 4 connected
[2025-10-21 11:50:11,727] C-PF5S5VKT/INFO/root: Waiting for workers to be ready, 2 of 4 connected
[2025-10-21 11:50:12,734] C-PF5S5VKT/INFO/root: Waiting for workers to be ready, 2 of 4 connected
[2025-10-21 11:50:13,749] C-PF5S5VKT/INFO/root: Waiting for workers to be ready, 2 of 4 connected
[2025-10-21 11:50:14,762] C-PF5S5VKT/INFO/root: Waiting for workers to be ready, 2 of 4 connected
[2025-10-21 11:50:15,774] C-PF5S5VKT/INFO/root: Waiting for workers to be ready, 2 of 4 connected
[2025-10-21 11:50:16,780] C-PF5S5VKT/INFO/root: Waiting for workers to be ready, 2 of 4 connected
[2025-10-21 11:50:17,787] C-PF5S5VKT/INFO/root: Waiting for workers to be ready, 2 of 4 connected
[2025-10-21 11:50:18,790] C-PF5S5VKT/INFO/root: Waiting for workers to be ready, 2 of 4 connected
[2025-10-21 11:50:19,793] C-PF5S5VKT/INFO/root: Waiting for workers to be ready, 2 of 4 connected
[2025-10-21 11:50:20,801] C-PF5S5VKT/INFO/root: Waiting for workers to be ready, 2 of 4 connected
[2025-10-21 11:50:21,805] C-PF5S5VKT/INFO/root: Waiting for workers to be ready, 2 of 4 connected
[2025-10-21 11:50:22,809] C-PF5S5VKT/INFO/root: Waiting for workers to be ready, 2 of 4 connected
[2025-10-21 11:50:23,814] C-PF5S5VKT/INFO/root: Waiting for workers to be ready, 2 of 4 connected
[2025-10-21 11:50:24,826] C-PF5S5VKT/INFO/root: Waiting for workers to be ready, 2 of 4 connected
[2025-10-21 11:50:25,840] C-PF5S5VKT/INFO/root: Waiting for workers to be ready, 2 of 4 connected
[2025-10-21 11:50:26,845] C-PF5S5VKT/INFO/root: Waiting for workers to be ready, 2 of 4 connected
[2025-10-21 11:50:27,852] C-PF5S5VKT/INFO/root: Waiting for workers to be ready, 2 of 4 connected
[2025-10-21 11:50:28,860] C-PF5S5VKT/INFO/root: Waiting for workers to be ready, 2 of 4 connected
[2025-10-21 11:50:29,861] C-PF5S5VKT/INFO/root: Waiting for workers to be ready, 2 of 4 connected
[2025-10-21 11:50:30,864] C-PF5S5VKT/INFO/root: Waiting for workers to be ready, 2 of 4 connected
[2025-10-21 11:50:31,867] C-PF5S5VKT/INFO/root: Waiting for workers to be ready, 2 of 4 connected
[2025-10-21 11:50:31,868] C-PF5S5VKT/INFO/locust.runners: C-PF5S5VKT_ff428d3d5dfd4d56bd9e1075332a7576 (index 2) reported as ready. 3 workers connected.
[2025-10-21 11:50:32,878] C-PF5S5VKT/INFO/root: Waiting for workers to be ready, 3 of 4 connected
[2025-10-21 11:50:33,882] C-PF5S5VKT/INFO/root: Waiting for workers to be ready, 3 of 4 connected
[2025-10-21 11:50:34,893] C-PF5S5VKT/INFO/root: Waiting for workers to be ready, 3 of 4 connected
[2025-10-21 11:50:35,894] C-PF5S5VKT/INFO/root: Waiting for workers to be ready, 3 of 4 connected
[2025-10-21 11:50:36,895] C-PF5S5VKT/INFO/root: Waiting for workers to be ready, 3 of 4 connected
[2025-10-21 11:50:37,903] C-PF5S5VKT/INFO/root: Waiting for workers to be ready, 3 of 4 connected
[2025-10-21 11:50:38,910] C-PF5S5VKT/INFO/root: Waiting for workers to be ready, 3 of 4 connected
[2025-10-21 11:50:39,911] C-PF5S5VKT/INFO/root: Waiting for workers to be ready, 3 of 4 connected
[2025-10-21 11:50:40,928] C-PF5S5VKT/INFO/root: Waiting for workers to be ready, 3 of 4 connected
[2025-10-21 11:50:41,685] C-PF5S5VKT/INFO/locust.runners: C-PF5S5VKT_1ac3c3cce3094fec8f4a136e96ecacf3 (index 3) reported as ready. 4 workers connected.
[2025-10-21 11:50:41,930] C-PF5S5VKT/INFO/locust.main: Run time limit set to 60 seconds
[2025-10-21 11:50:41,931] C-PF5S5VKT/INFO/locust.runners: Sending spawn jobs of 200 users at 50.00 spawn rate to 4 ready workers
[2025-10-21 11:50:47,424] C-PF5S5VKT/INFO/locust.runners: All users spawned: {"PipelineUser": 200} (200 total users)
[2025-10-21 11:51:41,932] C-PF5S5VKT/INFO/locust.main: --run-time limit reached, shutting down
[2025-10-21 11:51:42,261] C-PF5S5VKT/INFO/locust.runners: Worker 'C-PF5S5VKT_e17f39508f134577ab312150e44fc3cb' (index 0) quit. 0 workers ready.
[2025-10-21 11:51:42,261] C-PF5S5VKT/INFO/locust.runners: Worker 'C-PF5S5VKT_eae147919380497bb14ec93d926268c3' (index 1) quit. 0 workers ready.
[2025-10-21 11:51:42,266] C-PF5S5VKT/INFO/locust.runners: Worker 'C-PF5S5VKT_1ac3c3cce3094fec8f4a136e96ecacf3' (index 3) quit. 0 workers ready.
[2025-10-21 11:51:42,266] C-PF5S5VKT/INFO/locust.runners: Worker 'C-PF5S5VKT_ff428d3d5dfd4d56bd9e1075332a7576' (index 2) quit. 0 workers ready.
[2025-10-21 11:51:42,267] C-PF5S5VKT/INFO/locust.runners: The last worker quit, stopping test.
[2025-10-21 11:51:42,953] C-PF5S5VKT/INFO/locust.main: Shutting down (exit code 1)
