[2025-10-28 18:23:46,610] 8d36e4239384/INFO/locust.main: Starting Locust 2.41.5
[2025-10-28 18:23:46,676] 8d36e4239384/INFO/locust.runners: 40e95e90e4d8_183fec2f99dd43f2978e413d2a095684 (index 0) reported as ready. 1 workers connected.
[2025-10-28 18:23:46,677] 8d36e4239384/INFO/locust.runners: 40e95e90e4d8_183fec2f99dd43f2978e413d2a095684 (index 0) reported as ready. 1 workers connected.
[2025-10-28 18:23:46,678] 8d36e4239384/INFO/locust.runners: 40e95e90e4d8_183fec2f99dd43f2978e413d2a095684 (index 0) reported as ready. 1 workers connected.
[2025-10-28 18:23:46,678] 8d36e4239384/INFO/locust.runners: 40e95e90e4d8_183fec2f99dd43f2978e413d2a095684 (index 0) reported as ready. 1 workers connected.
[2025-10-28 18:23:46,743] 8d36e4239384/INFO/locust.runners: 79c08a71c962_0ed5440f87564c348fb8cff67406309c (index 1) reported as ready. 2 workers connected.
[2025-10-28 18:23:46,745] 8d36e4239384/INFO/locust.runners: 79c08a71c962_0ed5440f87564c348fb8cff67406309c (index 1) reported as ready. 2 workers connected.
[2025-10-28 18:23:46,746] 8d36e4239384/INFO/locust.runners: 79c08a71c962_0ed5440f87564c348fb8cff67406309c (index 1) reported as ready. 2 workers connected.
[2025-10-28 18:23:50,235] 8d36e4239384/INFO/locust.runners: ed47dfd5c789_5069c4ca63b24f2c843edcb92abf1490 (index 2) reported as ready. 3 workers connected.
[2025-10-28 18:23:50,236] 8d36e4239384/INFO/locust.runners: ed47dfd5c789_5069c4ca63b24f2c843edcb92abf1490 (index 2) reported as ready. 3 workers connected.
[2025-10-28 18:23:50,253] 8d36e4239384/INFO/locust.runners: cb8485392207_05bc3c92a17a411f87ea0c8f8b33dcd2 (index 3) reported as ready. 4 workers connected.
[2025-10-28 18:23:50,253] 8d36e4239384/INFO/locust.runners: cb8485392207_05bc3c92a17a411f87ea0c8f8b33dcd2 (index 3) reported as ready. 4 workers connected.
[2025-10-28 18:23:50,254] 8d36e4239384/INFO/locust.runners: cb8485392207_05bc3c92a17a411f87ea0c8f8b33dcd2 (index 3) reported as ready. 4 workers connected.
[2025-10-28 18:23:50,641] 8d36e4239384/INFO/locust.main: Run time limit set to 120 seconds
[2025-10-28 18:23:50,642] 8d36e4239384/INFO/locust.runners: Sending spawn jobs of 800 users at 80.00 spawn rate to 4 ready workers
[2025-10-28 18:24:02,344] 8d36e4239384/INFO/locust.runners: All users spawned: {"PipelineUser": 800} (800 total users)
[2025-10-28 18:24:24,667] 8d36e4239384/INFO/locust.runners: Worker 40e95e90e4d8_183fec2f99dd43f2978e413d2a095684 failed to send heartbeat, setting state to missing.
[2025-10-28 18:24:24,668] 8d36e4239384/INFO/locust.runners: Worker 79c08a71c962_0ed5440f87564c348fb8cff67406309c failed to send heartbeat, setting state to missing.
[2025-10-28 18:24:24,669] 8d36e4239384/INFO/locust.runners: Worker ed47dfd5c789_5069c4ca63b24f2c843edcb92abf1490 failed to send heartbeat, setting state to missing.
[2025-10-28 18:24:25,238] 8d36e4239384/INFO/locust.runners: Worker ed47dfd5c789_5069c4ca63b24f2c843edcb92abf1490 self-healed with heartbeat, setting state to running.
[2025-10-28 18:24:25,239] 8d36e4239384/INFO/locust.runners: Sending spawn jobs of 800 users at 80.00 spawn rate to 1 ready workers
[2025-10-28 18:24:25,239] 8d36e4239384/INFO/locust.runners: All users spawned: {"PipelineUser": 200} (200 total users)
[2025-10-28 18:24:25,275] 8d36e4239384/INFO/locust.runners: Worker 40e95e90e4d8_183fec2f99dd43f2978e413d2a095684 self-healed with heartbeat, setting state to running.
[2025-10-28 18:24:25,344] 8d36e4239384/INFO/locust.runners: Worker 79c08a71c962_0ed5440f87564c348fb8cff67406309c self-healed with heartbeat, setting state to running.
[2025-10-28 18:24:29,673] 8d36e4239384/INFO/locust.runners: Worker ed47dfd5c789_5069c4ca63b24f2c843edcb92abf1490 failed to send heartbeat, setting state to missing.
[2025-10-28 18:24:29,678] 8d36e4239384/INFO/locust.runners: Worker cb8485392207_05bc3c92a17a411f87ea0c8f8b33dcd2 failed to send heartbeat, setting state to missing.
[2025-10-28 18:24:31,273] 8d36e4239384/INFO/locust.runners: Worker cb8485392207_05bc3c92a17a411f87ea0c8f8b33dcd2 self-healed with heartbeat, setting state to running.
[2025-10-28 18:24:31,358] 8d36e4239384/INFO/locust.runners: Worker ed47dfd5c789_5069c4ca63b24f2c843edcb92abf1490 self-healed with heartbeat, setting state to running.
[2025-10-28 18:24:40,690] 8d36e4239384/INFO/locust.runners: Worker ed47dfd5c789_5069c4ca63b24f2c843edcb92abf1490 failed to send heartbeat, setting state to missing.
[2025-10-28 18:24:40,691] 8d36e4239384/INFO/locust.runners: Worker cb8485392207_05bc3c92a17a411f87ea0c8f8b33dcd2 failed to send heartbeat, setting state to missing.
[2025-10-28 18:24:42,570] 8d36e4239384/INFO/locust.runners: Worker cb8485392207_05bc3c92a17a411f87ea0c8f8b33dcd2 self-healed with heartbeat, setting state to running.
[2025-10-28 18:24:42,902] 8d36e4239384/INFO/locust.runners: Worker ed47dfd5c789_5069c4ca63b24f2c843edcb92abf1490 self-healed with heartbeat, setting state to running.
[2025-10-28 18:24:43,695] 8d36e4239384/INFO/locust.runners: Worker 40e95e90e4d8_183fec2f99dd43f2978e413d2a095684 failed to send heartbeat, setting state to missing.
[2025-10-28 18:24:44,274] 8d36e4239384/INFO/locust.runners: Worker 40e95e90e4d8_183fec2f99dd43f2978e413d2a095684 self-healed with heartbeat, setting state to running.
[2025-10-28 18:24:48,703] 8d36e4239384/INFO/locust.runners: Worker 40e95e90e4d8_183fec2f99dd43f2978e413d2a095684 failed to send heartbeat, setting state to missing.
[2025-10-28 18:24:49,221] 8d36e4239384/INFO/locust.runners: Worker 40e95e90e4d8_183fec2f99dd43f2978e413d2a095684 self-healed with heartbeat, setting state to running.
[2025-10-28 18:24:49,705] 8d36e4239384/INFO/locust.runners: Worker 79c08a71c962_0ed5440f87564c348fb8cff67406309c failed to send heartbeat, setting state to missing.
[2025-10-28 18:24:49,902] 8d36e4239384/INFO/locust.runners: Worker 79c08a71c962_0ed5440f87564c348fb8cff67406309c self-healed with heartbeat, setting state to running.
[2025-10-28 18:24:56,718] 8d36e4239384/INFO/locust.runners: Worker cb8485392207_05bc3c92a17a411f87ea0c8f8b33dcd2 failed to send heartbeat, setting state to missing.
[2025-10-28 18:24:58,252] 8d36e4239384/INFO/locust.runners: Worker cb8485392207_05bc3c92a17a411f87ea0c8f8b33dcd2 self-healed with heartbeat, setting state to running.
[2025-10-28 18:24:58,720] 8d36e4239384/INFO/locust.runners: Worker ed47dfd5c789_5069c4ca63b24f2c843edcb92abf1490 failed to send heartbeat, setting state to missing.
[2025-10-28 18:25:00,118] 8d36e4239384/INFO/locust.runners: Worker ed47dfd5c789_5069c4ca63b24f2c843edcb92abf1490 self-healed with heartbeat, setting state to running.
[2025-10-28 18:25:02,732] 8d36e4239384/INFO/locust.runners: Worker cb8485392207_05bc3c92a17a411f87ea0c8f8b33dcd2 failed to send heartbeat, setting state to missing.
[2025-10-28 18:25:04,735] 8d36e4239384/INFO/locust.runners: Worker ed47dfd5c789_5069c4ca63b24f2c843edcb92abf1490 failed to send heartbeat, setting state to missing.
[2025-10-28 18:25:04,942] 8d36e4239384/INFO/locust.runners: Worker cb8485392207_05bc3c92a17a411f87ea0c8f8b33dcd2 self-healed with heartbeat, setting state to running.
[2025-10-28 18:25:07,000] 8d36e4239384/INFO/locust.runners: Worker ed47dfd5c789_5069c4ca63b24f2c843edcb92abf1490 self-healed with heartbeat, setting state to running.
[2025-10-28 18:25:26,756] 8d36e4239384/INFO/locust.runners: Worker ed47dfd5c789_5069c4ca63b24f2c843edcb92abf1490 failed to send heartbeat, setting state to missing.
[2025-10-28 18:25:27,736] 8d36e4239384/INFO/locust.runners: Worker ed47dfd5c789_5069c4ca63b24f2c843edcb92abf1490 self-healed with heartbeat, setting state to running.
[2025-10-28 18:25:28,758] 8d36e4239384/INFO/locust.runners: Worker 40e95e90e4d8_183fec2f99dd43f2978e413d2a095684 failed to send heartbeat, setting state to missing.
[2025-10-28 18:25:28,761] 8d36e4239384/INFO/locust.runners: Worker cb8485392207_05bc3c92a17a411f87ea0c8f8b33dcd2 failed to send heartbeat, setting state to missing.
[2025-10-28 18:25:29,121] 8d36e4239384/INFO/locust.runners: Worker 40e95e90e4d8_183fec2f99dd43f2978e413d2a095684 self-healed with heartbeat, setting state to running.
[2025-10-28 18:25:29,176] 8d36e4239384/INFO/locust.runners: Worker cb8485392207_05bc3c92a17a411f87ea0c8f8b33dcd2 self-healed with heartbeat, setting state to running.
[2025-10-28 18:25:34,771] 8d36e4239384/INFO/locust.runners: Worker ed47dfd5c789_5069c4ca63b24f2c843edcb92abf1490 failed to send heartbeat, setting state to missing.
[2025-10-28 18:25:34,911] 8d36e4239384/INFO/locust.runners: Worker ed47dfd5c789_5069c4ca63b24f2c843edcb92abf1490 self-healed with heartbeat, setting state to running.
[2025-10-28 18:25:38,777] 8d36e4239384/INFO/locust.runners: Worker 40e95e90e4d8_183fec2f99dd43f2978e413d2a095684 failed to send heartbeat, setting state to missing.
[2025-10-28 18:25:39,745] 8d36e4239384/INFO/locust.runners: Worker 40e95e90e4d8_183fec2f99dd43f2978e413d2a095684 self-healed with heartbeat, setting state to running.
[2025-10-28 18:25:47,785] 8d36e4239384/INFO/locust.runners: Worker cb8485392207_05bc3c92a17a411f87ea0c8f8b33dcd2 failed to send heartbeat, setting state to missing.
[2025-10-28 18:25:49,954] 8d36e4239384/INFO/locust.runners: Worker cb8485392207_05bc3c92a17a411f87ea0c8f8b33dcd2 self-healed with heartbeat, setting state to running.
[2025-10-28 18:25:50,636] 8d36e4239384/INFO/locust.main: --run-time limit reached, shutting down
[2025-10-28 18:25:50,873] 8d36e4239384/INFO/locust.runners: Worker '79c08a71c962_0ed5440f87564c348fb8cff67406309c' (index 1) quit. 0 workers ready.
[2025-10-28 18:25:51,642] 8d36e4239384/INFO/locust.main: Shutting down (exit code 0)
