[2025-10-28 17:44:27,194] 81e25fea917c/INFO/locust.main: Starting Locust 2.41.5
[2025-10-28 17:44:27,195] 81e25fea917c/ERROR/locust.main: Unknown User(s): /mnt/locust/results/multi_replica_v1/replicas2_u200/run.json

[2025-10-28 17:46:04,151] 2c165979ccea/INFO/locust.main: Starting Locust 2.41.5
[2025-10-28 17:46:04,152] 2c165979ccea/ERROR/locust.main: Unknown User(s): /mnt/locust/results/multi_replica_v1/replicas2_u200/run.json

[2025-10-28 17:46:14,594] 3ea105273719/INFO/locust.main: Starting Locust 2.41.5
[2025-10-28 17:46:14,595] 3ea105273719/ERROR/locust.main: Unknown User(s): /mnt/locust/results/multi_replica_v1/replicas2_u200/run.json

[2025-10-28 17:46:56,620] ab4952c005cb/INFO/locust.main: Starting Locust 2.41.5
[2025-10-28 17:47:01,645] ab4952c005cb/INFO/root: Waiting for workers to be ready, 0 of 4 connected
[2025-10-28 17:47:02,647] ab4952c005cb/INFO/root: Waiting for workers to be ready, 0 of 4 connected
[2025-10-28 17:47:03,649] ab4952c005cb/INFO/root: Waiting for workers to be ready, 0 of 4 connected
[2025-10-28 17:47:04,651] ab4952c005cb/INFO/root: Waiting for workers to be ready, 0 of 4 connected
[2025-10-28 17:47:05,653] ab4952c005cb/INFO/root: Waiting for workers to be ready, 0 of 4 connected
[2025-10-28 17:47:06,655] ab4952c005cb/INFO/root: Waiting for workers to be ready, 0 of 4 connected
[2025-10-28 17:47:07,657] ab4952c005cb/INFO/root: Waiting for workers to be ready, 0 of 4 connected
[2025-10-28 17:47:08,658] ab4952c005cb/INFO/root: Waiting for workers to be ready, 0 of 4 connected
[2025-10-28 17:47:09,661] ab4952c005cb/INFO/root: Waiting for workers to be ready, 0 of 4 connected
[2025-10-28 17:47:10,663] ab4952c005cb/INFO/root: Waiting for workers to be ready, 0 of 4 connected
[2025-10-28 17:47:11,664] ab4952c005cb/INFO/root: Waiting for workers to be ready, 0 of 4 connected
[2025-10-28 17:47:12,666] ab4952c005cb/INFO/root: Waiting for workers to be ready, 0 of 4 connected
[2025-10-28 17:47:13,667] ab4952c005cb/INFO/root: Waiting for workers to be ready, 0 of 4 connected
[2025-10-28 17:47:14,668] ab4952c005cb/INFO/root: Waiting for workers to be ready, 0 of 4 connected
[2025-10-28 17:47:15,671] ab4952c005cb/INFO/root: Waiting for workers to be ready, 0 of 4 connected
[2025-10-28 17:47:16,673] ab4952c005cb/INFO/root: Waiting for workers to be ready, 0 of 4 connected
[2025-10-28 17:47:17,675] ab4952c005cb/INFO/root: Waiting for workers to be ready, 0 of 4 connected
[2025-10-28 17:47:18,677] ab4952c005cb/INFO/root: Waiting for workers to be ready, 0 of 4 connected
[2025-10-28 17:47:19,679] ab4952c005cb/INFO/root: Waiting for workers to be ready, 0 of 4 connected
[2025-10-28 17:47:20,681] ab4952c005cb/INFO/root: Waiting for workers to be ready, 0 of 4 connected
[2025-10-28 17:47:21,683] ab4952c005cb/INFO/root: Waiting for workers to be ready, 0 of 4 connected
[2025-10-28 17:47:22,685] ab4952c005cb/INFO/root: Waiting for workers to be ready, 0 of 4 connected
[2025-10-28 17:47:23,687] ab4952c005cb/INFO/root: Waiting for workers to be ready, 0 of 4 connected
[2025-10-28 17:47:24,689] ab4952c005cb/INFO/root: Waiting for workers to be ready, 0 of 4 connected
[2025-10-28 17:47:25,691] ab4952c005cb/INFO/root: Waiting for workers to be ready, 0 of 4 connected
[2025-10-28 17:47:26,693] ab4952c005cb/INFO/root: Waiting for workers to be ready, 0 of 4 connected
[2025-10-28 17:47:27,696] ab4952c005cb/INFO/root: Waiting for workers to be ready, 0 of 4 connected
[2025-10-28 17:47:28,697] ab4952c005cb/INFO/root: Waiting for workers to be ready, 0 of 4 connected
[2025-10-28 17:47:29,699] ab4952c005cb/INFO/root: Waiting for workers to be ready, 0 of 4 connected
[2025-10-28 17:47:30,701] ab4952c005cb/INFO/root: Waiting for workers to be ready, 0 of 4 connected
[2025-10-28 17:47:31,703] ab4952c005cb/INFO/root: Waiting for workers to be ready, 0 of 4 connected
[2025-10-28 17:47:32,704] ab4952c005cb/INFO/root: Waiting for workers to be ready, 0 of 4 connected
[2025-10-28 17:47:33,706] ab4952c005cb/INFO/root: Waiting for workers to be ready, 0 of 4 connected
[2025-10-28 17:47:34,708] ab4952c005cb/INFO/root: Waiting for workers to be ready, 0 of 4 connected
[2025-10-28 17:47:35,710] ab4952c005cb/INFO/root: Waiting for workers to be ready, 0 of 4 connected
[2025-10-28 17:47:36,717] ab4952c005cb/INFO/root: Waiting for workers to be ready, 0 of 4 connected
[2025-10-28 17:47:37,719] ab4952c005cb/INFO/root: Waiting for workers to be ready, 0 of 4 connected
[2025-10-28 17:47:38,720] ab4952c005cb/INFO/root: Waiting for workers to be ready, 0 of 4 connected
[2025-10-28 17:47:39,723] ab4952c005cb/INFO/root: Waiting for workers to be ready, 0 of 4 connected
[2025-10-28 17:47:40,724] ab4952c005cb/INFO/root: Waiting for workers to be ready, 0 of 4 connected
[2025-10-28 17:47:41,726] ab4952c005cb/INFO/root: Waiting for workers to be ready, 0 of 4 connected
[2025-10-28 17:47:42,727] ab4952c005cb/INFO/root: Waiting for workers to be ready, 0 of 4 connected
[2025-10-28 17:47:43,729] ab4952c005cb/INFO/root: Waiting for workers to be ready, 0 of 4 connected
[2025-10-28 17:47:44,731] ab4952c005cb/INFO/root: Waiting for workers to be ready, 0 of 4 connected
[2025-10-28 17:47:45,733] ab4952c005cb/INFO/root: Waiting for workers to be ready, 0 of 4 connected
[2025-10-28 17:47:46,735] ab4952c005cb/INFO/root: Waiting for workers to be ready, 0 of 4 connected
[2025-10-28 17:47:47,737] ab4952c005cb/INFO/root: Waiting for workers to be ready, 0 of 4 connected
[2025-10-28 17:47:48,739] ab4952c005cb/INFO/root: Waiting for workers to be ready, 0 of 4 connected
[2025-10-28 17:47:49,741] ab4952c005cb/INFO/root: Waiting for workers to be ready, 0 of 4 connected
[2025-10-28 17:47:50,743] ab4952c005cb/INFO/root: Waiting for workers to be ready, 0 of 4 connected
[2025-10-28 17:47:51,744] ab4952c005cb/INFO/root: Waiting for workers to be ready, 0 of 4 connected
[2025-10-28 17:47:52,746] ab4952c005cb/INFO/root: Waiting for workers to be ready, 0 of 4 connected
[2025-10-28 17:47:53,748] ab4952c005cb/INFO/root: Waiting for workers to be ready, 0 of 4 connected
[2025-10-28 17:47:54,749] ab4952c005cb/INFO/root: Waiting for workers to be ready, 0 of 4 connected
[2025-10-28 17:47:55,752] ab4952c005cb/INFO/root: Waiting for workers to be ready, 0 of 4 connected
[2025-10-28 17:47:56,754] ab4952c005cb/INFO/root: Waiting for workers to be ready, 0 of 4 connected
[2025-10-28 17:47:57,756] ab4952c005cb/INFO/root: Waiting for workers to be ready, 0 of 4 connected
[2025-10-28 17:47:58,757] ab4952c005cb/INFO/root: Waiting for workers to be ready, 0 of 4 connected
[2025-10-28 17:47:59,758] ab4952c005cb/INFO/root: Waiting for workers to be ready, 0 of 4 connected
[2025-10-28 17:48:00,760] ab4952c005cb/INFO/root: Waiting for workers to be ready, 0 of 4 connected
[2025-10-28 17:48:01,762] ab4952c005cb/INFO/root: Waiting for workers to be ready, 0 of 4 connected
[2025-10-28 17:48:02,763] ab4952c005cb/INFO/root: Waiting for workers to be ready, 0 of 4 connected
[2025-10-28 17:48:03,766] ab4952c005cb/INFO/root: Waiting for workers to be ready, 0 of 4 connected
[2025-10-28 17:48:04,769] ab4952c005cb/INFO/root: Waiting for workers to be ready, 0 of 4 connected
[2025-10-28 17:48:05,770] ab4952c005cb/INFO/root: Waiting for workers to be ready, 0 of 4 connected
[2025-10-28 17:48:06,773] ab4952c005cb/INFO/root: Waiting for workers to be ready, 0 of 4 connected
[2025-10-28 17:48:07,775] ab4952c005cb/INFO/root: Waiting for workers to be ready, 0 of 4 connected
[2025-10-28 17:48:08,777] ab4952c005cb/INFO/root: Waiting for workers to be ready, 0 of 4 connected
[2025-10-28 17:48:09,779] ab4952c005cb/INFO/root: Waiting for workers to be ready, 0 of 4 connected
[2025-10-28 17:48:10,780] ab4952c005cb/INFO/root: Waiting for workers to be ready, 0 of 4 connected
[2025-10-28 17:48:11,781] ab4952c005cb/INFO/root: Waiting for workers to be ready, 0 of 4 connected
[2025-10-28 17:48:12,783] ab4952c005cb/INFO/root: Waiting for workers to be ready, 0 of 4 connected
[2025-10-28 17:48:13,783] ab4952c005cb/INFO/root: Waiting for workers to be ready, 0 of 4 connected
[2025-10-28 17:48:14,785] ab4952c005cb/INFO/root: Waiting for workers to be ready, 0 of 4 connected
[2025-10-28 17:48:15,787] ab4952c005cb/INFO/root: Waiting for workers to be ready, 0 of 4 connected
[2025-10-28 17:48:16,789] ab4952c005cb/INFO/root: Waiting for workers to be ready, 0 of 4 connected
[2025-10-28 17:48:17,791] ab4952c005cb/INFO/root: Waiting for workers to be ready, 0 of 4 connected
[2025-10-28 17:48:18,792] ab4952c005cb/INFO/root: Waiting for workers to be ready, 0 of 4 connected
[2025-10-28 17:48:19,794] ab4952c005cb/INFO/root: Waiting for workers to be ready, 0 of 4 connected
[2025-10-28 17:48:20,796] ab4952c005cb/INFO/root: Waiting for workers to be ready, 0 of 4 connected
[2025-10-28 17:48:21,798] ab4952c005cb/INFO/root: Waiting for workers to be ready, 0 of 4 connected
[2025-10-28 17:48:22,799] ab4952c005cb/INFO/root: Waiting for workers to be ready, 0 of 4 connected
[2025-10-28 17:48:23,801] ab4952c005cb/INFO/root: Waiting for workers to be ready, 0 of 4 connected
[2025-10-28 17:48:24,802] ab4952c005cb/INFO/root: Waiting for workers to be ready, 0 of 4 connected
[2025-10-28 17:48:25,804] ab4952c005cb/INFO/root: Waiting for workers to be ready, 0 of 4 connected
[2025-10-28 17:48:26,806] ab4952c005cb/INFO/root: Waiting for workers to be ready, 0 of 4 connected
[2025-10-28 17:48:27,809] ab4952c005cb/INFO/root: Waiting for workers to be ready, 0 of 4 connected
[2025-10-28 17:48:28,810] ab4952c005cb/INFO/root: Waiting for workers to be ready, 0 of 4 connected
[2025-10-28 17:48:29,812] ab4952c005cb/INFO/root: Waiting for workers to be ready, 0 of 4 connected
[2025-10-28 17:48:30,813] ab4952c005cb/INFO/root: Waiting for workers to be ready, 0 of 4 connected
[2025-10-28 17:48:31,815] ab4952c005cb/INFO/root: Waiting for workers to be ready, 0 of 4 connected
[2025-10-28 17:48:32,816] ab4952c005cb/INFO/root: Waiting for workers to be ready, 0 of 4 connected
[2025-10-28 17:48:33,818] ab4952c005cb/INFO/root: Waiting for workers to be ready, 0 of 4 connected
[2025-10-28 17:48:34,820] ab4952c005cb/INFO/root: Waiting for workers to be ready, 0 of 4 connected
[2025-10-28 17:48:35,821] ab4952c005cb/INFO/root: Waiting for workers to be ready, 0 of 4 connected
[2025-10-28 17:48:36,822] ab4952c005cb/INFO/root: Waiting for workers to be ready, 0 of 4 connected
[2025-10-28 17:48:37,825] ab4952c005cb/INFO/root: Waiting for workers to be ready, 0 of 4 connected
[2025-10-28 17:48:38,827] ab4952c005cb/INFO/root: Waiting for workers to be ready, 0 of 4 connected
[2025-10-28 17:48:39,829] ab4952c005cb/INFO/root: Waiting for workers to be ready, 0 of 4 connected
[2025-10-28 17:48:40,831] ab4952c005cb/INFO/root: Waiting for workers to be ready, 0 of 4 connected
[2025-10-28 17:48:41,832] ab4952c005cb/INFO/root: Waiting for workers to be ready, 0 of 4 connected
[2025-10-28 17:48:42,832] ab4952c005cb/INFO/root: Waiting for workers to be ready, 0 of 4 connected
[2025-10-28 17:48:43,834] ab4952c005cb/INFO/root: Waiting for workers to be ready, 0 of 4 connected
[2025-10-28 17:48:44,836] ab4952c005cb/INFO/root: Waiting for workers to be ready, 0 of 4 connected
[2025-10-28 17:48:45,838] ab4952c005cb/INFO/root: Waiting for workers to be ready, 0 of 4 connected
[2025-10-28 17:48:46,840] ab4952c005cb/INFO/root: Waiting for workers to be ready, 0 of 4 connected
[2025-10-28 17:48:47,842] ab4952c005cb/INFO/root: Waiting for workers to be ready, 0 of 4 connected
[2025-10-28 17:48:48,843] ab4952c005cb/INFO/root: Waiting for workers to be ready, 0 of 4 connected
[2025-10-28 17:48:49,845] ab4952c005cb/INFO/root: Waiting for workers to be ready, 0 of 4 connected
[2025-10-28 17:48:50,847] ab4952c005cb/INFO/root: Waiting for workers to be ready, 0 of 4 connected
[2025-10-28 17:48:51,848] ab4952c005cb/INFO/root: Waiting for workers to be ready, 0 of 4 connected
[2025-10-28 17:48:52,850] ab4952c005cb/INFO/root: Waiting for workers to be ready, 0 of 4 connected
[2025-10-28 17:48:53,852] ab4952c005cb/INFO/root: Waiting for workers to be ready, 0 of 4 connected
[2025-10-28 17:48:54,853] ab4952c005cb/INFO/root: Waiting for workers to be ready, 0 of 4 connected
[2025-10-28 17:48:55,857] ab4952c005cb/INFO/root: Waiting for workers to be ready, 0 of 4 connected
[2025-10-28 17:48:56,858] ab4952c005cb/INFO/root: Waiting for workers to be ready, 0 of 4 connected
[2025-10-28 17:48:57,860] ab4952c005cb/INFO/root: Waiting for workers to be ready, 0 of 4 connected
[2025-10-28 17:48:58,863] ab4952c005cb/INFO/root: Waiting for workers to be ready, 0 of 4 connected
[2025-10-28 17:48:59,864] ab4952c005cb/INFO/root: Waiting for workers to be ready, 0 of 4 connected
[2025-10-28 17:49:00,865] ab4952c005cb/INFO/root: Waiting for workers to be ready, 0 of 4 connected
[2025-10-28 17:49:01,866] ab4952c005cb/INFO/root: Waiting for workers to be ready, 0 of 4 connected
[2025-10-28 17:49:02,868] ab4952c005cb/INFO/root: Waiting for workers to be ready, 0 of 4 connected
[2025-10-28 17:49:03,870] ab4952c005cb/INFO/root: Waiting for workers to be ready, 0 of 4 connected
[2025-10-28 17:49:04,871] ab4952c005cb/INFO/root: Waiting for workers to be ready, 0 of 4 connected
[2025-10-28 17:49:05,873] ab4952c005cb/INFO/root: Waiting for workers to be ready, 0 of 4 connected
[2025-10-28 17:49:06,875] ab4952c005cb/INFO/root: Waiting for workers to be ready, 0 of 4 connected
[2025-10-28 17:49:07,877] ab4952c005cb/INFO/root: Waiting for workers to be ready, 0 of 4 connected
[2025-10-28 17:49:08,879] ab4952c005cb/INFO/root: Waiting for workers to be ready, 0 of 4 connected
[2025-10-28 17:49:09,881] ab4952c005cb/INFO/root: Waiting for workers to be ready, 0 of 4 connected
[2025-10-28 17:49:10,882] ab4952c005cb/INFO/root: Waiting for workers to be ready, 0 of 4 connected
[2025-10-28 17:49:11,884] ab4952c005cb/INFO/root: Waiting for workers to be ready, 0 of 4 connected
[2025-10-28 17:49:12,885] ab4952c005cb/INFO/root: Waiting for workers to be ready, 0 of 4 connected
[2025-10-28 17:49:13,886] ab4952c005cb/INFO/root: Waiting for workers to be ready, 0 of 4 connected
[2025-10-28 17:49:14,887] ab4952c005cb/INFO/root: Waiting for workers to be ready, 0 of 4 connected
[2025-10-28 17:49:15,889] ab4952c005cb/INFO/root: Waiting for workers to be ready, 0 of 4 connected
[2025-10-28 17:49:16,891] ab4952c005cb/INFO/root: Waiting for workers to be ready, 0 of 4 connected
[2025-10-28 17:49:17,894] ab4952c005cb/INFO/root: Waiting for workers to be ready, 0 of 4 connected
[2025-10-28 17:49:18,896] ab4952c005cb/INFO/root: Waiting for workers to be ready, 0 of 4 connected
[2025-10-28 17:49:19,898] ab4952c005cb/INFO/root: Waiting for workers to be ready, 0 of 4 connected
[2025-10-28 17:49:20,899] ab4952c005cb/INFO/root: Waiting for workers to be ready, 0 of 4 connected
[2025-10-28 17:49:21,901] ab4952c005cb/INFO/root: Waiting for workers to be ready, 0 of 4 connected
[2025-10-28 17:49:22,903] ab4952c005cb/INFO/root: Waiting for workers to be ready, 0 of 4 connected
[2025-10-28 17:49:23,905] ab4952c005cb/INFO/root: Waiting for workers to be ready, 0 of 4 connected
[2025-10-28 17:49:24,906] ab4952c005cb/INFO/root: Waiting for workers to be ready, 0 of 4 connected
[2025-10-28 17:49:25,908] ab4952c005cb/INFO/root: Waiting for workers to be ready, 0 of 4 connected
[2025-10-28 17:49:26,910] ab4952c005cb/INFO/root: Waiting for workers to be ready, 0 of 4 connected
[2025-10-28 17:49:27,912] ab4952c005cb/INFO/root: Waiting for workers to be ready, 0 of 4 connected
[2025-10-28 17:49:28,913] ab4952c005cb/INFO/root: Waiting for workers to be ready, 0 of 4 connected
[2025-10-28 17:49:29,914] ab4952c005cb/INFO/root: Waiting for workers to be ready, 0 of 4 connected
[2025-10-28 17:49:30,916] ab4952c005cb/INFO/root: Waiting for workers to be ready, 0 of 4 connected
[2025-10-28 17:49:31,918] ab4952c005cb/INFO/root: Waiting for workers to be ready, 0 of 4 connected
[2025-10-28 17:49:32,919] ab4952c005cb/INFO/root: Waiting for workers to be ready, 0 of 4 connected
[2025-10-28 17:49:33,921] ab4952c005cb/INFO/root: Waiting for workers to be ready, 0 of 4 connected
[2025-10-28 17:49:34,923] ab4952c005cb/INFO/root: Waiting for workers to be ready, 0 of 4 connected
[2025-10-28 17:49:35,925] ab4952c005cb/INFO/root: Waiting for workers to be ready, 0 of 4 connected
[2025-10-28 17:49:36,927] ab4952c005cb/INFO/root: Waiting for workers to be ready, 0 of 4 connected
[2025-10-28 17:49:37,929] ab4952c005cb/INFO/root: Waiting for workers to be ready, 0 of 4 connected
[2025-10-28 17:49:38,930] ab4952c005cb/INFO/root: Waiting for workers to be ready, 0 of 4 connected
[2025-10-28 17:49:39,932] ab4952c005cb/INFO/root: Waiting for workers to be ready, 0 of 4 connected
[2025-10-28 17:49:40,933] ab4952c005cb/INFO/root: Waiting for workers to be ready, 0 of 4 connected
[2025-10-28 17:49:41,935] ab4952c005cb/INFO/root: Waiting for workers to be ready, 0 of 4 connected
[2025-10-28 17:49:42,935] ab4952c005cb/INFO/root: Waiting for workers to be ready, 0 of 4 connected
[2025-10-28 17:49:43,937] ab4952c005cb/INFO/root: Waiting for workers to be ready, 0 of 4 connected
[2025-10-28 17:49:44,939] ab4952c005cb/INFO/root: Waiting for workers to be ready, 0 of 4 connected
[2025-10-28 17:49:45,942] ab4952c005cb/INFO/root: Waiting for workers to be ready, 0 of 4 connected
[2025-10-28 17:49:46,943] ab4952c005cb/INFO/root: Waiting for workers to be ready, 0 of 4 connected
[2025-10-28 17:49:47,945] ab4952c005cb/INFO/root: Waiting for workers to be ready, 0 of 4 connected
[2025-10-28 17:49:48,946] ab4952c005cb/INFO/root: Waiting for workers to be ready, 0 of 4 connected
[2025-10-28 17:49:49,948] ab4952c005cb/INFO/root: Waiting for workers to be ready, 0 of 4 connected
[2025-10-28 17:49:50,950] ab4952c005cb/INFO/root: Waiting for workers to be ready, 0 of 4 connected
[2025-10-28 17:49:51,951] ab4952c005cb/INFO/root: Waiting for workers to be ready, 0 of 4 connected
[2025-10-28 17:49:52,953] ab4952c005cb/INFO/root: Waiting for workers to be ready, 0 of 4 connected
[2025-10-28 17:49:53,954] ab4952c005cb/INFO/root: Waiting for workers to be ready, 0 of 4 connected
[2025-10-28 17:49:54,957] ab4952c005cb/INFO/root: Waiting for workers to be ready, 0 of 4 connected
[2025-10-28 17:49:55,959] ab4952c005cb/INFO/root: Waiting for workers to be ready, 0 of 4 connected
[2025-10-28 17:49:56,961] ab4952c005cb/INFO/root: Waiting for workers to be ready, 0 of 4 connected
[2025-10-28 17:49:57,963] ab4952c005cb/INFO/root: Waiting for workers to be ready, 0 of 4 connected
[2025-10-28 17:49:58,965] ab4952c005cb/INFO/root: Waiting for workers to be ready, 0 of 4 connected
[2025-10-28 17:49:59,967] ab4952c005cb/INFO/root: Waiting for workers to be ready, 0 of 4 connected
[2025-10-28 17:50:00,969] ab4952c005cb/INFO/root: Waiting for workers to be ready, 0 of 4 connected
[2025-10-28 17:50:01,971] ab4952c005cb/INFO/root: Waiting for workers to be ready, 0 of 4 connected
[2025-10-28 17:50:02,973] ab4952c005cb/INFO/root: Waiting for workers to be ready, 0 of 4 connected
[2025-10-28 17:50:03,975] ab4952c005cb/INFO/root: Waiting for workers to be ready, 0 of 4 connected
[2025-10-28 17:50:04,977] ab4952c005cb/INFO/root: Waiting for workers to be ready, 0 of 4 connected
[2025-10-28 17:50:05,979] ab4952c005cb/INFO/root: Waiting for workers to be ready, 0 of 4 connected
[2025-10-28 17:50:06,981] ab4952c005cb/INFO/root: Waiting for workers to be ready, 0 of 4 connected
[2025-10-28 17:50:07,983] ab4952c005cb/INFO/root: Waiting for workers to be ready, 0 of 4 connected
[2025-10-28 17:50:08,984] ab4952c005cb/INFO/root: Waiting for workers to be ready, 0 of 4 connected
[2025-10-28 17:50:09,985] ab4952c005cb/INFO/root: Waiting for workers to be ready, 0 of 4 connected
[2025-10-28 17:50:10,986] ab4952c005cb/INFO/root: Waiting for workers to be ready, 0 of 4 connected
[2025-10-28 17:50:11,989] ab4952c005cb/INFO/root: Waiting for workers to be ready, 0 of 4 connected
[2025-10-28 17:50:12,991] ab4952c005cb/INFO/root: Waiting for workers to be ready, 0 of 4 connected
[2025-10-28 17:50:13,993] ab4952c005cb/INFO/root: Waiting for workers to be ready, 0 of 4 connected
[2025-10-28 17:50:14,995] ab4952c005cb/INFO/root: Waiting for workers to be ready, 0 of 4 connected
[2025-10-28 17:50:15,998] ab4952c005cb/INFO/root: Waiting for workers to be ready, 0 of 4 connected
[2025-10-28 17:50:16,999] ab4952c005cb/INFO/root: Waiting for workers to be ready, 0 of 4 connected
[2025-10-28 17:50:18,001] ab4952c005cb/INFO/root: Waiting for workers to be ready, 0 of 4 connected
[2025-10-28 17:50:19,003] ab4952c005cb/INFO/root: Waiting for workers to be ready, 0 of 4 connected
[2025-10-28 17:50:20,006] ab4952c005cb/INFO/root: Waiting for workers to be ready, 0 of 4 connected
[2025-10-28 17:50:21,008] ab4952c005cb/INFO/root: Waiting for workers to be ready, 0 of 4 connected
[2025-10-28 17:50:22,010] ab4952c005cb/INFO/root: Waiting for workers to be ready, 0 of 4 connected
[2025-10-28 17:50:23,012] ab4952c005cb/INFO/root: Waiting for workers to be ready, 0 of 4 connected
[2025-10-28 17:50:24,014] ab4952c005cb/INFO/root: Waiting for workers to be ready, 0 of 4 connected
[2025-10-28 17:50:25,015] ab4952c005cb/INFO/root: Waiting for workers to be ready, 0 of 4 connected
[2025-10-28 17:50:26,017] ab4952c005cb/INFO/root: Waiting for workers to be ready, 0 of 4 connected
[2025-10-28 17:50:27,019] ab4952c005cb/INFO/root: Waiting for workers to be ready, 0 of 4 connected
[2025-10-28 17:50:28,021] ab4952c005cb/INFO/root: Waiting for workers to be ready, 0 of 4 connected
[2025-10-28 17:50:29,023] ab4952c005cb/INFO/root: Waiting for workers to be ready, 0 of 4 connected
[2025-10-28 17:50:30,025] ab4952c005cb/INFO/root: Waiting for workers to be ready, 0 of 4 connected
[2025-10-28 17:50:31,027] ab4952c005cb/INFO/root: Waiting for workers to be ready, 0 of 4 connected
[2025-10-28 17:50:32,028] ab4952c005cb/INFO/root: Waiting for workers to be ready, 0 of 4 connected
[2025-10-28 17:50:33,030] ab4952c005cb/INFO/root: Waiting for workers to be ready, 0 of 4 connected
[2025-10-28 17:50:34,032] ab4952c005cb/INFO/root: Waiting for workers to be ready, 0 of 4 connected
[2025-10-28 17:50:35,034] ab4952c005cb/INFO/root: Waiting for workers to be ready, 0 of 4 connected
[2025-10-28 17:50:36,036] ab4952c005cb/INFO/root: Waiting for workers to be ready, 0 of 4 connected
[2025-10-28 17:50:37,037] ab4952c005cb/INFO/root: Waiting for workers to be ready, 0 of 4 connected
[2025-10-28 17:50:38,039] ab4952c005cb/INFO/root: Waiting for workers to be ready, 0 of 4 connected
[2025-10-28 17:50:39,041] ab4952c005cb/INFO/root: Waiting for workers to be ready, 0 of 4 connected
[2025-10-28 17:50:40,044] ab4952c005cb/INFO/root: Waiting for workers to be ready, 0 of 4 connected
[2025-10-28 17:50:41,045] ab4952c005cb/INFO/root: Waiting for workers to be ready, 0 of 4 connected
[2025-10-28 17:50:42,047] ab4952c005cb/INFO/root: Waiting for workers to be ready, 0 of 4 connected
[2025-10-28 17:50:43,048] ab4952c005cb/INFO/root: Waiting for workers to be ready, 0 of 4 connected
[2025-10-28 17:50:44,050] ab4952c005cb/INFO/root: Waiting for workers to be ready, 0 of 4 connected
[2025-10-28 17:50:45,052] ab4952c005cb/INFO/root: Waiting for workers to be ready, 0 of 4 connected
[2025-10-28 17:50:46,054] ab4952c005cb/INFO/root: Waiting for workers to be ready, 0 of 4 connected
[2025-10-28 17:50:47,059] ab4952c005cb/INFO/root: Waiting for workers to be ready, 0 of 4 connected
[2025-10-28 17:50:48,060] ab4952c005cb/INFO/root: Waiting for workers to be ready, 0 of 4 connected
[2025-10-28 17:50:49,062] ab4952c005cb/INFO/root: Waiting for workers to be ready, 0 of 4 connected
[2025-10-28 17:50:50,064] ab4952c005cb/INFO/root: Waiting for workers to be ready, 0 of 4 connected
[2025-10-28 17:50:51,066] ab4952c005cb/INFO/root: Waiting for workers to be ready, 0 of 4 connected
[2025-10-28 17:50:52,067] ab4952c005cb/INFO/root: Waiting for workers to be ready, 0 of 4 connected
[2025-10-28 17:50:53,069] ab4952c005cb/INFO/root: Waiting for workers to be ready, 0 of 4 connected
[2025-10-28 17:50:54,072] ab4952c005cb/INFO/root: Waiting for workers to be ready, 0 of 4 connected
[2025-10-28 17:50:55,073] ab4952c005cb/INFO/root: Waiting for workers to be ready, 0 of 4 connected
[2025-10-28 17:50:56,075] ab4952c005cb/INFO/root: Waiting for workers to be ready, 0 of 4 connected
[2025-10-28 17:50:57,076] ab4952c005cb/INFO/root: Waiting for workers to be ready, 0 of 4 connected
[2025-10-28 17:50:58,078] ab4952c005cb/INFO/root: Waiting for workers to be ready, 0 of 4 connected
[2025-10-28 17:50:59,079] ab4952c005cb/INFO/root: Waiting for workers to be ready, 0 of 4 connected
[2025-10-28 17:51:00,082] ab4952c005cb/INFO/root: Waiting for workers to be ready, 0 of 4 connected
[2025-10-28 17:51:01,084] ab4952c005cb/INFO/root: Waiting for workers to be ready, 0 of 4 connected
[2025-10-28 17:51:02,086] ab4952c005cb/INFO/root: Waiting for workers to be ready, 0 of 4 connected
[2025-10-28 17:51:03,088] ab4952c005cb/INFO/root: Waiting for workers to be ready, 0 of 4 connected
[2025-10-28 17:51:04,090] ab4952c005cb/INFO/root: Waiting for workers to be ready, 0 of 4 connected
[2025-10-28 17:51:05,091] ab4952c005cb/INFO/root: Waiting for workers to be ready, 0 of 4 connected
[2025-10-28 17:51:06,093] ab4952c005cb/INFO/root: Waiting for workers to be ready, 0 of 4 connected
[2025-10-28 17:51:07,094] ab4952c005cb/INFO/root: Waiting for workers to be ready, 0 of 4 connected
[2025-10-28 17:51:08,097] ab4952c005cb/INFO/root: Waiting for workers to be ready, 0 of 4 connected
[2025-10-28 17:51:09,098] ab4952c005cb/INFO/root: Waiting for workers to be ready, 0 of 4 connected
[2025-10-28 17:51:10,100] ab4952c005cb/INFO/root: Waiting for workers to be ready, 0 of 4 connected
[2025-10-28 17:51:11,101] ab4952c005cb/INFO/root: Waiting for workers to be ready, 0 of 4 connected
[2025-10-28 17:51:12,104] ab4952c005cb/INFO/root: Waiting for workers to be ready, 0 of 4 connected
[2025-10-28 17:51:13,105] ab4952c005cb/INFO/root: Waiting for workers to be ready, 0 of 4 connected
[2025-10-28 17:51:14,106] ab4952c005cb/INFO/root: Waiting for workers to be ready, 0 of 4 connected
[2025-10-28 17:51:15,108] ab4952c005cb/INFO/root: Waiting for workers to be ready, 0 of 4 connected
[2025-10-28 17:51:16,111] ab4952c005cb/INFO/root: Waiting for workers to be ready, 0 of 4 connected
[2025-10-28 17:51:17,114] ab4952c005cb/INFO/root: Waiting for workers to be ready, 0 of 4 connected
[2025-10-28 17:51:18,117] ab4952c005cb/INFO/root: Waiting for workers to be ready, 0 of 4 connected
[2025-10-28 17:51:19,119] ab4952c005cb/INFO/root: Waiting for workers to be ready, 0 of 4 connected
[2025-10-28 17:51:20,121] ab4952c005cb/INFO/root: Waiting for workers to be ready, 0 of 4 connected
[2025-10-28 17:51:21,123] ab4952c005cb/INFO/root: Waiting for workers to be ready, 0 of 4 connected
[2025-10-28 17:51:22,124] ab4952c005cb/INFO/root: Waiting for workers to be ready, 0 of 4 connected
[2025-10-28 17:51:23,126] ab4952c005cb/INFO/root: Waiting for workers to be ready, 0 of 4 connected
[2025-10-28 17:51:24,129] ab4952c005cb/INFO/root: Waiting for workers to be ready, 0 of 4 connected
[2025-10-28 17:51:25,131] ab4952c005cb/INFO/root: Waiting for workers to be ready, 0 of 4 connected
[2025-10-28 17:51:26,133] ab4952c005cb/INFO/root: Waiting for workers to be ready, 0 of 4 connected
[2025-10-28 17:51:27,135] ab4952c005cb/INFO/root: Waiting for workers to be ready, 0 of 4 connected
[2025-10-28 17:51:28,137] ab4952c005cb/INFO/root: Waiting for workers to be ready, 0 of 4 connected
[2025-10-28 17:51:29,139] ab4952c005cb/INFO/root: Waiting for workers to be ready, 0 of 4 connected
[2025-10-28 17:51:30,140] ab4952c005cb/INFO/root: Waiting for workers to be ready, 0 of 4 connected
[2025-10-28 17:51:31,153] ab4952c005cb/INFO/root: Waiting for workers to be ready, 0 of 4 connected
[2025-10-28 17:51:32,155] ab4952c005cb/INFO/root: Waiting for workers to be ready, 0 of 4 connected
[2025-10-28 17:51:33,157] ab4952c005cb/INFO/root: Waiting for workers to be ready, 0 of 4 connected
[2025-10-28 17:51:34,158] ab4952c005cb/INFO/root: Waiting for workers to be ready, 0 of 4 connected
[2025-10-28 17:51:35,160] ab4952c005cb/INFO/root: Waiting for workers to be ready, 0 of 4 connected
[2025-10-28 17:51:36,161] ab4952c005cb/INFO/root: Waiting for workers to be ready, 0 of 4 connected
[2025-10-28 17:51:37,163] ab4952c005cb/INFO/root: Waiting for workers to be ready, 0 of 4 connected
[2025-10-28 17:51:38,164] ab4952c005cb/INFO/root: Waiting for workers to be ready, 0 of 4 connected
[2025-10-28 17:51:39,166] ab4952c005cb/INFO/root: Waiting for workers to be ready, 0 of 4 connected
[2025-10-28 17:51:40,167] ab4952c005cb/INFO/root: Waiting for workers to be ready, 0 of 4 connected
[2025-10-28 17:51:41,168] ab4952c005cb/INFO/root: Waiting for workers to be ready, 0 of 4 connected
[2025-10-28 17:51:42,170] ab4952c005cb/INFO/root: Waiting for workers to be ready, 0 of 4 connected
[2025-10-28 17:51:43,170] ab4952c005cb/INFO/root: Waiting for workers to be ready, 0 of 4 connected
[2025-10-28 17:51:44,171] ab4952c005cb/INFO/root: Waiting for workers to be ready, 0 of 4 connected
[2025-10-28 17:51:45,173] ab4952c005cb/INFO/root: Waiting for workers to be ready, 0 of 4 connected
[2025-10-28 17:51:46,174] ab4952c005cb/INFO/root: Waiting for workers to be ready, 0 of 4 connected
[2025-10-28 17:51:47,176] ab4952c005cb/INFO/root: Waiting for workers to be ready, 0 of 4 connected
[2025-10-28 17:51:48,177] ab4952c005cb/INFO/root: Waiting for workers to be ready, 0 of 4 connected
[2025-10-28 17:51:49,181] ab4952c005cb/INFO/root: Waiting for workers to be ready, 0 of 4 connected
[2025-10-28 17:51:50,183] ab4952c005cb/INFO/root: Waiting for workers to be ready, 0 of 4 connected
[2025-10-28 17:51:51,185] ab4952c005cb/INFO/root: Waiting for workers to be ready, 0 of 4 connected
[2025-10-28 17:51:52,187] ab4952c005cb/INFO/root: Waiting for workers to be ready, 0 of 4 connected
[2025-10-28 17:51:53,188] ab4952c005cb/INFO/root: Waiting for workers to be ready, 0 of 4 connected
[2025-10-28 17:52:10,426] 81e25fea917c/INFO/locust.main: Starting Locust 2.41.5
[2025-10-28 17:52:10,426] 81e25fea917c/ERROR/locust.main: Unknown User(s): /mnt/locust/results/multi_replica_v1/replicas2_u200/run.json

[2025-10-28 17:54:57,486] 3ac487870bf2/INFO/locust.main: Starting Locust 2.41.5
[2025-10-28 17:54:57,616] 3ac487870bf2/INFO/locust.runners: d4493cc80e65_dadc85beae834243a22ccd88ded6f3bf (index 0) reported as ready. 1 workers connected.
[2025-10-28 17:54:57,618] 3ac487870bf2/INFO/locust.runners: d4493cc80e65_dadc85beae834243a22ccd88ded6f3bf (index 0) reported as ready. 1 workers connected.
[2025-10-28 17:54:57,619] 3ac487870bf2/INFO/locust.runners: d4493cc80e65_dadc85beae834243a22ccd88ded6f3bf (index 0) reported as ready. 1 workers connected.
[2025-10-28 17:54:57,620] 3ac487870bf2/INFO/locust.runners: d4493cc80e65_dadc85beae834243a22ccd88ded6f3bf (index 0) reported as ready. 1 workers connected.
[2025-10-28 17:54:57,620] 3ac487870bf2/INFO/locust.runners: d4493cc80e65_dadc85beae834243a22ccd88ded6f3bf (index 0) reported as ready. 1 workers connected.
[2025-10-28 17:54:57,620] 3ac487870bf2/INFO/locust.runners: d4493cc80e65_dadc85beae834243a22ccd88ded6f3bf (index 0) reported as ready. 1 workers connected.
[2025-10-28 17:54:57,621] 3ac487870bf2/INFO/locust.runners: d4493cc80e65_dadc85beae834243a22ccd88ded6f3bf (index 0) reported as ready. 1 workers connected.
[2025-10-28 17:54:59,047] 3ac487870bf2/INFO/locust.runners: 4fee8f89ab6b_3eba80d252264b82b8f72ae9262ab16e (index 1) reported as ready. 2 workers connected.
[2025-10-28 17:54:59,047] 3ac487870bf2/INFO/locust.runners: 4fee8f89ab6b_3eba80d252264b82b8f72ae9262ab16e (index 1) reported as ready. 2 workers connected.
[2025-10-28 17:54:59,048] 3ac487870bf2/INFO/locust.runners: 4fee8f89ab6b_3eba80d252264b82b8f72ae9262ab16e (index 1) reported as ready. 2 workers connected.
[2025-10-28 17:54:59,048] 3ac487870bf2/INFO/locust.runners: 4fee8f89ab6b_3eba80d252264b82b8f72ae9262ab16e (index 1) reported as ready. 2 workers connected.
[2025-10-28 17:54:59,049] 3ac487870bf2/INFO/locust.runners: 4fee8f89ab6b_3eba80d252264b82b8f72ae9262ab16e (index 1) reported as ready. 2 workers connected.
[2025-10-28 17:54:59,049] 3ac487870bf2/INFO/locust.runners: 4fee8f89ab6b_3eba80d252264b82b8f72ae9262ab16e (index 1) reported as ready. 2 workers connected.
[2025-10-28 17:54:59,667] 3ac487870bf2/INFO/locust.runners: 932a545763f4_8c3d965daea04f9c947eb7b0f66332f6 (index 2) reported as ready. 3 workers connected.
[2025-10-28 17:54:59,668] 3ac487870bf2/INFO/locust.runners: 932a545763f4_8c3d965daea04f9c947eb7b0f66332f6 (index 2) reported as ready. 3 workers connected.
[2025-10-28 17:54:59,668] 3ac487870bf2/INFO/locust.runners: 932a545763f4_8c3d965daea04f9c947eb7b0f66332f6 (index 2) reported as ready. 3 workers connected.
[2025-10-28 17:54:59,669] 3ac487870bf2/INFO/locust.runners: 932a545763f4_8c3d965daea04f9c947eb7b0f66332f6 (index 2) reported as ready. 3 workers connected.
[2025-10-28 17:54:59,669] 3ac487870bf2/INFO/locust.runners: 932a545763f4_8c3d965daea04f9c947eb7b0f66332f6 (index 2) reported as ready. 3 workers connected.
[2025-10-28 17:54:59,669] 3ac487870bf2/INFO/locust.runners: 932a545763f4_8c3d965daea04f9c947eb7b0f66332f6 (index 2) reported as ready. 3 workers connected.
[2025-10-28 17:54:59,670] 3ac487870bf2/INFO/locust.runners: 932a545763f4_8c3d965daea04f9c947eb7b0f66332f6 (index 2) reported as ready. 3 workers connected.
[2025-10-28 17:54:59,670] 3ac487870bf2/INFO/locust.runners: 932a545763f4_8c3d965daea04f9c947eb7b0f66332f6 (index 2) reported as ready. 3 workers connected.
[2025-10-28 17:54:59,670] 3ac487870bf2/INFO/locust.runners: 932a545763f4_8c3d965daea04f9c947eb7b0f66332f6 (index 2) reported as ready. 3 workers connected.
[2025-10-28 17:54:59,670] 3ac487870bf2/INFO/locust.runners: 932a545763f4_8c3d965daea04f9c947eb7b0f66332f6 (index 2) reported as ready. 3 workers connected.
[2025-10-28 17:55:00,310] 3ac487870bf2/INFO/locust.runners: d31684ddb159_7490beb5fdce49e59776cb11949ab2ae (index 3) reported as ready. 4 workers connected.
[2025-10-28 17:55:00,311] 3ac487870bf2/INFO/locust.runners: d31684ddb159_7490beb5fdce49e59776cb11949ab2ae (index 3) reported as ready. 4 workers connected.
[2025-10-28 17:55:00,311] 3ac487870bf2/INFO/locust.runners: d31684ddb159_7490beb5fdce49e59776cb11949ab2ae (index 3) reported as ready. 4 workers connected.
[2025-10-28 17:55:00,312] 3ac487870bf2/INFO/locust.runners: d31684ddb159_7490beb5fdce49e59776cb11949ab2ae (index 3) reported as ready. 4 workers connected.
[2025-10-28 17:55:00,312] 3ac487870bf2/INFO/locust.runners: d31684ddb159_7490beb5fdce49e59776cb11949ab2ae (index 3) reported as ready. 4 workers connected.
[2025-10-28 17:55:00,312] 3ac487870bf2/INFO/locust.runners: d31684ddb159_7490beb5fdce49e59776cb11949ab2ae (index 3) reported as ready. 4 workers connected.
[2025-10-28 17:55:00,313] 3ac487870bf2/INFO/locust.runners: d31684ddb159_7490beb5fdce49e59776cb11949ab2ae (index 3) reported as ready. 4 workers connected.
[2025-10-28 17:55:00,313] 3ac487870bf2/INFO/locust.runners: d31684ddb159_7490beb5fdce49e59776cb11949ab2ae (index 3) reported as ready. 4 workers connected.
[2025-10-28 17:55:00,314] 3ac487870bf2/INFO/locust.runners: d31684ddb159_7490beb5fdce49e59776cb11949ab2ae (index 3) reported as ready. 4 workers connected.
[2025-10-28 17:55:00,504] 3ac487870bf2/INFO/locust.main: Run time limit set to 120 seconds
[2025-10-28 17:55:00,505] 3ac487870bf2/INFO/locust.runners: Sending spawn jobs of 200 users at 40.00 spawn rate to 4 ready workers
[2025-10-28 17:55:07,345] 3ac487870bf2/INFO/locust.runners: All users spawned: {"PipelineUser": 200} (200 total users)
[2025-10-28 17:57:00,499] 3ac487870bf2/INFO/locust.main: --run-time limit reached, shutting down
[2025-10-28 17:57:00,600] 3ac487870bf2/INFO/locust.runners: Worker 'd31684ddb159_7490beb5fdce49e59776cb11949ab2ae' (index 3) quit. 0 workers ready.
[2025-10-28 17:57:00,601] 3ac487870bf2/INFO/locust.runners: Worker '932a545763f4_8c3d965daea04f9c947eb7b0f66332f6' (index 2) quit. 0 workers ready.
[2025-10-28 17:57:00,603] 3ac487870bf2/INFO/locust.runners: Worker '4fee8f89ab6b_3eba80d252264b82b8f72ae9262ab16e' (index 1) quit. 0 workers ready.
[2025-10-28 17:57:00,675] 3ac487870bf2/INFO/locust.runners: Worker 'd4493cc80e65_dadc85beae834243a22ccd88ded6f3bf' (index 0) quit. 0 workers ready.
[2025-10-28 17:57:00,676] 3ac487870bf2/INFO/locust.runners: The last worker quit, stopping test.
[2025-10-28 17:57:01,505] 3ac487870bf2/INFO/locust.main: Shutting down (exit code 0)
