[2025-10-28 17:58:53,081] 25385f553a7c/INFO/locust.main: Starting Locust 2.41.5
[2025-10-28 17:58:53,169] 25385f553a7c/INFO/locust.runners: b2aee6fe8826_11772e38e9e44a5a887781ae48daa9e0 (index 0) reported as ready. 1 workers connected.
[2025-10-28 17:58:53,170] 25385f553a7c/INFO/locust.runners: b2aee6fe8826_11772e38e9e44a5a887781ae48daa9e0 (index 0) reported as ready. 1 workers connected.
[2025-10-28 17:58:53,170] 25385f553a7c/INFO/locust.runners: b2aee6fe8826_11772e38e9e44a5a887781ae48daa9e0 (index 0) reported as ready. 1 workers connected.
[2025-10-28 17:58:53,170] 25385f553a7c/INFO/locust.runners: b2aee6fe8826_11772e38e9e44a5a887781ae48daa9e0 (index 0) reported as ready. 1 workers connected.
[2025-10-28 17:58:53,171] 25385f553a7c/INFO/locust.runners: b2aee6fe8826_11772e38e9e44a5a887781ae48daa9e0 (index 0) reported as ready. 1 workers connected.
[2025-10-28 17:58:53,171] 25385f553a7c/INFO/locust.runners: b2aee6fe8826_11772e38e9e44a5a887781ae48daa9e0 (index 0) reported as ready. 1 workers connected.
[2025-10-28 17:58:53,172] 25385f553a7c/INFO/locust.runners: b2aee6fe8826_11772e38e9e44a5a887781ae48daa9e0 (index 0) reported as ready. 1 workers connected.
[2025-10-28 17:58:53,172] 25385f553a7c/INFO/locust.runners: b2aee6fe8826_11772e38e9e44a5a887781ae48daa9e0 (index 0) reported as ready. 1 workers connected.
[2025-10-28 17:58:55,626] 25385f553a7c/INFO/locust.runners: f3bd9f295a11_cb84d187da934ff5b3b9091e1b6cb94d (index 1) reported as ready. 2 workers connected.
[2025-10-28 17:58:55,626] 25385f553a7c/INFO/locust.runners: f3bd9f295a11_cb84d187da934ff5b3b9091e1b6cb94d (index 1) reported as ready. 2 workers connected.
[2025-10-28 17:58:55,627] 25385f553a7c/INFO/locust.runners: f3bd9f295a11_cb84d187da934ff5b3b9091e1b6cb94d (index 1) reported as ready. 2 workers connected.
[2025-10-28 17:58:55,628] 25385f553a7c/INFO/locust.runners: f3bd9f295a11_cb84d187da934ff5b3b9091e1b6cb94d (index 1) reported as ready. 2 workers connected.
[2025-10-28 17:58:55,629] 25385f553a7c/INFO/locust.runners: f3bd9f295a11_cb84d187da934ff5b3b9091e1b6cb94d (index 1) reported as ready. 2 workers connected.
[2025-10-28 17:58:55,629] 25385f553a7c/INFO/locust.runners: f3bd9f295a11_cb84d187da934ff5b3b9091e1b6cb94d (index 1) reported as ready. 2 workers connected.
[2025-10-28 17:58:56,139] 25385f553a7c/INFO/locust.runners: 9ecad07675d0_8832e8df61cb416ca582e4e0e06fea16 (index 2) reported as ready. 3 workers connected.
[2025-10-28 17:58:56,140] 25385f553a7c/INFO/locust.runners: 9ecad07675d0_8832e8df61cb416ca582e4e0e06fea16 (index 2) reported as ready. 3 workers connected.
[2025-10-28 17:58:56,140] 25385f553a7c/INFO/locust.runners: 9ecad07675d0_8832e8df61cb416ca582e4e0e06fea16 (index 2) reported as ready. 3 workers connected.
[2025-10-28 17:58:56,141] 25385f553a7c/INFO/locust.runners: 9ecad07675d0_8832e8df61cb416ca582e4e0e06fea16 (index 2) reported as ready. 3 workers connected.
[2025-10-28 17:58:56,142] 25385f553a7c/INFO/locust.runners: 9ecad07675d0_8832e8df61cb416ca582e4e0e06fea16 (index 2) reported as ready. 3 workers connected.
[2025-10-28 17:58:56,142] 25385f553a7c/INFO/locust.runners: 9ecad07675d0_8832e8df61cb416ca582e4e0e06fea16 (index 2) reported as ready. 3 workers connected.
[2025-10-28 17:58:56,143] 25385f553a7c/INFO/locust.runners: 9ecad07675d0_8832e8df61cb416ca582e4e0e06fea16 (index 2) reported as ready. 3 workers connected.
[2025-10-28 17:58:56,144] 25385f553a7c/INFO/locust.runners: 9ecad07675d0_8832e8df61cb416ca582e4e0e06fea16 (index 2) reported as ready. 3 workers connected.
[2025-10-28 17:58:56,144] 25385f553a7c/INFO/locust.runners: 9ecad07675d0_8832e8df61cb416ca582e4e0e06fea16 (index 2) reported as ready. 3 workers connected.
[2025-10-28 17:58:56,145] 25385f553a7c/INFO/locust.runners: 9ecad07675d0_8832e8df61cb416ca582e4e0e06fea16 (index 2) reported as ready. 3 workers connected.
[2025-10-28 17:58:56,331] 25385f553a7c/INFO/locust.runners: 4d39f91f5dfa_e77369c524fc437584e1a63dbedc6f1c (index 3) reported as ready. 4 workers connected.
[2025-10-28 17:58:56,331] 25385f553a7c/INFO/locust.runners: 4d39f91f5dfa_e77369c524fc437584e1a63dbedc6f1c (index 3) reported as ready. 4 workers connected.
[2025-10-28 17:58:56,332] 25385f553a7c/INFO/locust.runners: 4d39f91f5dfa_e77369c524fc437584e1a63dbedc6f1c (index 3) reported as ready. 4 workers connected.
[2025-10-28 17:58:56,332] 25385f553a7c/INFO/locust.runners: 4d39f91f5dfa_e77369c524fc437584e1a63dbedc6f1c (index 3) reported as ready. 4 workers connected.
[2025-10-28 17:58:56,333] 25385f553a7c/INFO/locust.runners: 4d39f91f5dfa_e77369c524fc437584e1a63dbedc6f1c (index 3) reported as ready. 4 workers connected.
[2025-10-28 17:58:56,334] 25385f553a7c/INFO/locust.runners: 4d39f91f5dfa_e77369c524fc437584e1a63dbedc6f1c (index 3) reported as ready. 4 workers connected.
[2025-10-28 17:58:56,334] 25385f553a7c/INFO/locust.runners: 4d39f91f5dfa_e77369c524fc437584e1a63dbedc6f1c (index 3) reported as ready. 4 workers connected.
[2025-10-28 17:58:57,103] 25385f553a7c/INFO/locust.main: Run time limit set to 120 seconds
[2025-10-28 17:58:57,104] 25385f553a7c/INFO/locust.runners: Sending spawn jobs of 400 users at 60.00 spawn rate to 4 ready workers
[2025-10-28 17:59:05,791] 25385f553a7c/INFO/locust.runners: All users spawned: {"PipelineUser": 400} (400 total users)
[2025-10-28 18:00:57,098] 25385f553a7c/INFO/locust.main: --run-time limit reached, shutting down
[2025-10-28 18:00:57,201] 25385f553a7c/INFO/locust.runners: Worker 'f3bd9f295a11_cb84d187da934ff5b3b9091e1b6cb94d' (index 1) quit. 0 workers ready.
[2025-10-28 18:00:57,203] 25385f553a7c/INFO/locust.runners: Worker 'b2aee6fe8826_11772e38e9e44a5a887781ae48daa9e0' (index 0) quit. 0 workers ready.
[2025-10-28 18:00:57,298] 25385f553a7c/INFO/locust.runners: Worker '9ecad07675d0_8832e8df61cb416ca582e4e0e06fea16' (index 2) quit. 0 workers ready.
[2025-10-28 18:00:57,320] 25385f553a7c/INFO/locust.runners: Worker '4d39f91f5dfa_e77369c524fc437584e1a63dbedc6f1c' (index 3) quit. 0 workers ready.
[2025-10-28 18:00:57,321] 25385f553a7c/INFO/locust.runners: The last worker quit, stopping test.
[2025-10-28 18:00:58,103] 25385f553a7c/INFO/locust.main: Shutting down (exit code 0)
